[ 2026-09-16 21:49:32,012 ] 1025 httpx - INFO - HTTP Request: GET https://huggingface.co/api/agent-harnesses "HTTP/1.1 200 OK"
[ 2026-09-16 21:49:32,524 ] 1025 httpx - INFO - HTTP Request: GET https://huggingface.co/api/models/qdrant/bge-small-en-v1.5-onnx-q "HTTP/1.1 307 Temporary Redirect"
[ 2026-09-16 21:49:32,795 ] 1025 httpx - INFO - HTTP Request: GET https://huggingface.co/api/models/Qdrant/bge-small-en-v1.5-onnx-Q "HTTP/1.1 200 OK"
[ 2026-09-16 21:49:33,140 ] 1025 httpx - INFO - HTTP Request: GET https://huggingface.co/api/models/qdrant/bge-small-en-v1.5-onnx-q/tree/52398278842ec682c6f32300af41344b1c0b0bb2?recursive=false&expand=false "HTTP/1.1 307 Temporary Redirect"
[ 2026-09-16 21:49:33,390 ] 1025 httpx - INFO - HTTP Request: GET https://huggingface.co/api/models/Qdrant/bge-small-en-v1.5-onnx-Q/tree/52398278842ec682c6f32300af41344b1c0b0bb2?recursive=false&expand=false "HTTP/1.1 200 OK"
[ 2026-09-16 21:49:33,651 ] 1025 httpx - INFO - HTTP Request: GET https://huggingface.co/api/models/qdrant/bge-small-en-v1.5-onnx-q/revision/main "HTTP/1.1 307 Temporary Redirect"
[ 2026-09-16 21:49:33,957 ] 1025 httpx - INFO - HTTP Request: GET https://huggingface.co/api/models/Qdrant/bge-small-en-v1.5-onnx-Q/revision/main "HTTP/1.1 200 OK"
[ 2026-09-16 21:49:34,267 ] 1025 httpx - INFO - HTTP Request: GET https://huggingface.co/api/models/qdrant/bge-small-en-v1.5-onnx-q/tree/52398278842ec682c6f32300af41344b1c0b0bb2?recursive=true&expand=false "HTTP/1.1 307 Temporary Redirect"
[ 2026-09-16 21:49:34,675 ] 1025 httpx - INFO - HTTP Request: GET https://huggingface.co/api/models/Qdrant/bge-small-en-v1.5-onnx-Q/tree/52398278842ec682c6f32300af41344b1c0b0bb2?recursive=true&expand=false "HTTP/1.1 200 OK"
[ 2026-09-16 21:49:34,928 ] 1025 httpx - INFO - HTTP Request: HEAD https://huggingface.co/qdrant/bge-small-en-v1.5-onnx-q/resolve/52398278842ec682c6f32300af41344b1c0b0bb2/config.json "HTTP/1.1 307 Temporary Redirect"
[ 2026-09-16 21:49:35,082 ] 1025 httpx - INFO - HTTP Request: HEAD https://huggingface.co/qdrant/bge-small-en-v1.5-onnx-q/resolve/52398278842ec682c6f32300af41344b1c0b0bb2/tokenizer.json "HTTP/1.1 307 Temporary Redirect"
[ 2026-09-16 21:49:35,083 ] 1025 httpx - INFO - HTTP Request: HEAD https://huggingface.co/qdrant/bge-small-en-v1.5-onnx-q/resolve/52398278842ec682c6f32300af41344b1c0b0bb2/special_tokens_map.json "HTTP/1.1 307 Temporary Redirect"
[ 2026-09-16 21:49:35,083 ] 1025 httpx - INFO - HTTP Request: HEAD https://huggingface.co/qdrant/bge-small-en-v1.5-onnx-q/resolve/52398278842ec682c6f32300af41344b1c0b0bb2/tokenizer_config.json "HTTP/1.1 307 Temporary Redirect"
[ 2026-09-16 21:49:35,185 ] 1025 httpx - INFO - HTTP Request: HEAD https://huggingface.co/Qdrant/bge-small-en-v1.5-onnx-Q/resolve/52398278842ec682c6f32300af41344b1c0b0bb2/config.json "HTTP/1.1 307 Temporary Redirect"
[ 2026-09-16 21:49:35,186 ] 965 huggingface_hub.utils._http - WARNING - Warning: You are sending unauthenticated requests to the HF Hub. Please set a HF_TOKEN to enable higher rate limits and faster downloads.
[ 2026-09-16 21:49:35,236 ] 1025 httpx - INFO - HTTP Request: HEAD https://huggingface.co/api/resolve-cache/models/Qdrant/bge-small-en-v1.5-onnx-Q/52398278842ec682c6f32300af41344b1c0b0bb2/config.json?%2FQdrant%2Fbge-small-en-v1.5-onnx-Q%2Fresolve%2F52398278842ec682c6f32300af41344b1c0b0bb2%2Fconfig.json=&etag=%220d7726d0cdccb62ee17c03bd1595cff07199b8f8%22 "HTTP/1.1 200 OK"
[ 2026-09-16 21:49:35,284 ] 1025 httpx - INFO - HTTP Request: GET https://huggingface.co/api/resolve-cache/models/Qdrant/bge-small-en-v1.5-onnx-Q/52398278842ec682c6f32300af41344b1c0b0bb2/config.json?%2FQdrant%2Fbge-small-en-v1.5-onnx-Q%2Fresolve%2F52398278842ec682c6f32300af41344b1c0b0bb2%2Fconfig.json=&etag=%220d7726d0cdccb62ee17c03bd1595cff07199b8f8%22 "HTTP/1.1 200 OK"
[ 2026-09-16 21:49:35,344 ] 1025 httpx - INFO - HTTP Request: HEAD https://huggingface.co/Qdrant/bge-small-en-v1.5-onnx-Q/resolve/52398278842ec682c6f32300af41344b1c0b0bb2/tokenizer.json "HTTP/1.1 307 Temporary Redirect"
[ 2026-09-16 21:49:35,354 ] 1025 httpx - INFO - HTTP Request: HEAD https://huggingface.co/Qdrant/bge-small-en-v1.5-onnx-Q/resolve/52398278842ec682c6f32300af41344b1c0b0bb2/special_tokens_map.json "HTTP/1.1 307 Temporary Redirect"
[ 2026-09-16 21:49:35,375 ] 1025 httpx - INFO - HTTP Request: HEAD https://huggingface.co/Qdrant/bge-small-en-v1.5-onnx-Q/resolve/52398278842ec682c6f32300af41344b1c0b0bb2/tokenizer_config.json "HTTP/1.1 307 Temporary Redirect"
[ 2026-09-16 21:49:35,383 ] 1025 httpx - INFO - HTTP Request: HEAD https://huggingface.co/api/resolve-cache/models/Qdrant/bge-small-en-v1.5-onnx-Q/52398278842ec682c6f32300af41344b1c0b0bb2/tokenizer.json?%2FQdrant%2Fbge-small-en-v1.5-onnx-Q%2Fresolve%2F52398278842ec682c6f32300af41344b1c0b0bb2%2Ftokenizer.json=&etag=%22688882a79f44442ddc1f60d70334a7ff5df0fb47%22 "HTTP/1.1 200 OK"
[ 2026-09-16 21:49:35,398 ] 1025 httpx - INFO - HTTP Request: HEAD https://huggingface.co/api/resolve-cache/models/Qdrant/bge-small-en-v1.5-onnx-Q/52398278842ec682c6f32300af41344b1c0b0bb2/special_tokens_map.json?%2FQdrant%2Fbge-small-en-v1.5-onnx-Q%2Fresolve%2F52398278842ec682c6f32300af41344b1c0b0bb2%2Fspecial_tokens_map.json=&etag=%229bbecc17cabbcbd3112c14d6982b51403b264bfa%22 "HTTP/1.1 200 OK"
[ 2026-09-16 21:49:35,419 ] 1025 httpx - INFO - HTTP Request: HEAD https://huggingface.co/api/resolve-cache/models/Qdrant/bge-small-en-v1.5-onnx-Q/52398278842ec682c6f32300af41344b1c0b0bb2/tokenizer_config.json?%2FQdrant%2Fbge-small-en-v1.5-onnx-Q%2Fresolve%2F52398278842ec682c6f32300af41344b1c0b0bb2%2Ftokenizer_config.json=&etag=%2275305659f7795d4549f0e23688b52fa20a32f925%22 "HTTP/1.1 200 OK"
[ 2026-09-16 21:49:35,432 ] 1025 httpx - INFO - HTTP Request: GET https://huggingface.co/api/resolve-cache/models/Qdrant/bge-small-en-v1.5-onnx-Q/52398278842ec682c6f32300af41344b1c0b0bb2/tokenizer.json?%2FQdrant%2Fbge-small-en-v1.5-onnx-Q%2Fresolve%2F52398278842ec682c6f32300af41344b1c0b0bb2%2Ftokenizer.json=&etag=%22688882a79f44442ddc1f60d70334a7ff5df0fb47%22 "HTTP/1.1 200 OK"
[ 2026-09-16 21:49:35,435 ] 1025 httpx - INFO - HTTP Request: GET https://huggingface.co/api/resolve-cache/models/Qdrant/bge-small-en-v1.5-onnx-Q/52398278842ec682c6f32300af41344b1c0b0bb2/special_tokens_map.json?%2FQdrant%2Fbge-small-en-v1.5-onnx-Q%2Fresolve%2F52398278842ec682c6f32300af41344b1c0b0bb2%2Fspecial_tokens_map.json=&etag=%229bbecc17cabbcbd3112c14d6982b51403b264bfa%22 "HTTP/1.1 200 OK"
[ 2026-09-16 21:49:35,457 ] 1025 httpx - INFO - HTTP Request: GET https://huggingface.co/api/resolve-cache/models/Qdrant/bge-small-en-v1.5-onnx-Q/52398278842ec682c6f32300af41344b1c0b0bb2/tokenizer_config.json?%2FQdrant%2Fbge-small-en-v1.5-onnx-Q%2Fresolve%2F52398278842ec682c6f32300af41344b1c0b0bb2%2Ftokenizer_config.json=&etag=%2275305659f7795d4549f0e23688b52fa20a32f925%22 "HTTP/1.1 200 OK"
[ 2026-09-16 21:49:35,531 ] 1025 httpx - INFO - HTTP Request: GET https://huggingface.co/api/models/qdrant/bge-small-en-v1.5-onnx-q/xet-read-token/52398278842ec682c6f32300af41344b1c0b0bb2 "HTTP/1.1 307 Temporary Redirect"
[ 2026-09-16 21:49:35,800 ] 1025 httpx - INFO - HTTP Request: GET https://huggingface.co/api/models/Qdrant/bge-small-en-v1.5-onnx-Q/xet-read-token/52398278842ec682c6f32300af41344b1c0b0bb2 "HTTP/1.1 200 OK"
